{"level":"info","message":"listening on port http://localhost:5000 "}
[32minfo[39m: listening on port http://localhost:5000 
[32minfo[39m: listening on port http://localhost:5000 
[32minfo[39m: listening on port http://localhost:5000 
[32minfo[39m: listening on port http://localhost:5000 
[32minfo[39m: listening on port http://localhost:5000 
[32minfo[39m: listening on port http://localhost:5000 
[32minfo[39m: listening on port http://localhost:5000 
[32minfo[39m: listening on port http://localhost:5000 
info: listening on port http://localhost:5000 
{"level":"info","message":"listening on port http://localhost:5000 "}
{"level":"info","message":"listening on port http://localhost:5000 "}
{"level":"error","message":"logger is not defined"}
{"level":"info","message":"listening on port http://localhost:5000 "}
{"level":"error","message":"logger is not defined"}
{"level":"info","message":"listening on port http://localhost:5000 "}
{"level":"error","message":"Successfully connected to MongoDB"}
{"level":"info","message":"listening on port http://localhost:5000 "}
{"level":"error","message":"Successfully connected to MongoDB"}
{"level":"info","message":"listening on port http://localhost:5000 "}
{"level":"info","message":"Successfully connected to MongoDB"}
{"level":"info","message":"listening on port http://localhost:5000 "}
{"level":"info","message":"Successfully connected to MongoDB"}
{"level":"info","message":"listening on port http://localhost:5000 "}
{"level":"info","message":"Successfully connected to MongoDB"}
{"level":"info","message":"listening on port http://localhost:5000 "}
{"level":"info","message":"Successfully connected to MongoDB"}
{"level":"info","message":"listening on port http://localhost:5000 "}
{"level":"info","message":"Successfully connected to MongoDB"}
{"level":"info","message":"listening on port http://localhost:5000 "}
{"level":"info","message":"Successfully connected to MongoDB"}
{"level":"info","message":"listening on port http://localhost:5000 "}
{"level":"info","message":"Successfully connected to MongoDB"}
{"level":"info","message":"listening on port http://localhost:5000 "}
{"level":"info","message":"Successfully connected to MongoDB"}
{"level":"info","message":"listening on port http://localhost:5000 "}
{"level":"info","message":"Successfully connected to MongoDB"}
{"level":"info","message":"listening on port http://localhost:5000 "}
{"level":"info","message":"Successfully connected to MongoDB"}
{"level":"info","message":"listening on port http://localhost:5000 "}
{"level":"info","message":"Successfully connected to MongoDB"}
{"level":"info","message":"listening on port http://localhost:5000 "}
{"level":"info","message":"Successfully connected to MongoDB"}
{"level":"info","message":"listening on port http://localhost:5000 "}
{"level":"info","message":"Successfully connected to MongoDB"}
{"level":"info","message":"listening on port http://localhost:5000 "}
{"level":"info","message":"Successfully connected to MongoDB"}
{"level":"info","message":"listening on port http://localhost:5000 "}
{"level":"info","message":"Successfully connected to MongoDB"}
{"level":"info","message":"listening on port http://localhost:5000 "}
{"level":"info","message":"Successfully connected to MongoDB"}
{"level":"info"}
{"level":"info","message":"listening on port http://localhost:5000 "}
{"level":"info","message":"Successfully connected to MongoDB"}
{"level":"info","message":"listening on port http://localhost:5000 "}
{"level":"info","message":"Successfully connected to MongoDB"}
{"level":"info","message":"listening on port http://localhost:5000 "}
{"level":"info","message":"Successfully connected to MongoDB"}
{"level":"info","message":"listening on port http://localhost:5000 "}
{"level":"info","message":"Successfully connected to MongoDB"}
{"level":"info","message":"listening on port http://localhost:5000 "}
{"level":"info","message":"Successfully connected to MongoDB"}
{"level":"info","message":"listening on port http://localhost:5000 "}
{"level":"info","message":"Successfully connected to MongoDB"}
{"level":"info","message":"listening on port http://localhost:5000 "}
{"level":"info","message":"Successfully connected to MongoDB"}
{"level":"info","message":"listening on port http://localhost:5000 "}
{"level":"info","message":"Successfully connected to MongoDB"}
{"level":"info","message":"listening on port http://localhost:5000 "}
{"level":"info","message":"Successfully connected to MongoDB"}
{"level":"info","message":"listening on port http://localhost:5000 "}
{"level":"info","message":"Successfully connected to MongoDB"}
{"level":"info","message":"listening on port http://localhost:5000 "}
{"level":"info","message":"Successfully connected to MongoDB"}
{"level":"info","message":"listening on port http://localhost:5000 "}
{"level":"info","message":"Successfully connected to MongoDB"}
{"level":"info","message":"listening on port http://localhost:5000 "}
{"level":"info","message":"Successfully connected to MongoDB"}
{"level":"info","message":"listening on port http://localhost:5000 "}
{"level":"info","message":"Successfully connected to MongoDB"}
{"level":"info","message":"listening on port http://localhost:5000 "}
{"level":"info","message":"Successfully connected to MongoDB"}
{"level":"info","message":"listening on port http://localhost:5000 "}
{"level":"info","message":"Successfully connected to MongoDB"}
{"level":"info","message":"listening on port http://localhost:5000 "}
{"level":"info","message":"Successfully connected to MongoDB"}
{"level":"info","message":"listening on port http://localhost:5000 "}
{"level":"info","message":"Successfully connected to MongoDB"}
{"level":"info","message":"listening on port http://localhost:5000 "}
{"level":"info","message":"Successfully connected to MongoDB"}
{"level":"info","message":"listening on port http://localhost:5000 "}
{"level":"info","message":"Successfully connected to MongoDB"}
{"level":"info","message":"listening on port http://localhost:5000 "}
{"level":"info","message":"Successfully connected to MongoDB"}
{"level":"info","message":"listening on port http://localhost:5000 "}
{"level":"info","message":"Successfully connected to MongoDB"}
{"level":"info","message":"listening on port http://localhost:5000 "}
{"level":"info","message":"Successfully connected to MongoDB"}
{"level":"info","message":"listening on port http://localhost:5000 "}
{"level":"info","message":"Successfully connected to MongoDB"}
{"level":"info","message":"listening on port http://localhost:5000 "}
{"level":"info","message":"Successfully connected to MongoDB"}
{"level":"info","message":"listening on port http://localhost:5000 "}
{"level":"info","message":"Successfully connected to MongoDB"}
{"level":"info","message":"listening on port http://localhost:5000 "}
{"level":"info","message":"Successfully connected to MongoDB"}
{"level":"info","message":"listening on port http://localhost:5000 "}
{"level":"info","message":"Successfully connected to MongoDB"}
{"level":"info","message":"listening on port http://localhost:5000 "}
{"level":"info","message":"Successfully connected to MongoDB"}
{"level":"info","message":"listening on port http://localhost:5000 "}
{"level":"info","message":"Successfully connected to MongoDB"}
{"level":"info","message":"listening on port http://localhost:5000 "}
{"level":"info","message":"Successfully connected to MongoDB"}
{"level":"info","message":"listening on port http://localhost:5000 "}
{"level":"info","message":"Successfully connected to MongoDB"}
{"level":"info","message":"listening on port http://localhost:5000 "}
{"level":"info","message":"Successfully connected to MongoDB"}
{"level":"info","message":"listening on port http://localhost:5000 "}
{"level":"info","message":"Successfully connected to MongoDB"}
{"level":"info","message":"listening on port http://localhost:5000 "}
{"level":"info","message":"Successfully connected to MongoDB"}
{"level":"info","message":"listening on port http://localhost:5000 "}
{"level":"info","message":"Successfully connected to MongoDB"}
{"level":"info","message":"listening on port http://localhost:5000 "}
{"level":"info","message":"listening on port http://localhost:5000 "}
{"level":"info","message":"Successfully connected to MongoDB"}
{"level":"info","message":"listening on port http://localhost:5000 "}
{"level":"info","message":"Successfully connected to MongoDB"}
{"level":"info","message":"listening on port http://localhost:5000 "}
{"level":"info","message":"Successfully connected to MongoDB"}
{"level":"info","message":"listening on port http://localhost:5000 "}
{"level":"info","message":"Successfully connected to MongoDB"}
{"level":"info","message":"listening on port http://localhost:5000 "}
{"level":"info","message":"Successfully connected to MongoDB"}
{"level":"info","message":"listening on port http://localhost:5000 "}
{"level":"info","message":"Successfully connected to MongoDB"}
{"level":"info","message":"listening on port http://localhost:5000 "}
{"level":"info","message":"Successfully connected to MongoDB"}
{"level":"info","message":"listening on port http://localhost:5000 "}
{"level":"info","message":"Successfully connected to MongoDB"}
{"level":"info","message":"listening on port http://localhost:5000 "}
{"level":"info","message":"Successfully connected to MongoDB"}
{"level":"info","message":"listening on port http://localhost:5000 "}
{"level":"info","message":"Successfully connected to MongoDB"}
{"level":"info","message":"listening on port http://localhost:5000 "}
{"level":"info","message":"Successfully connected to MongoDB"}
{"level":"info","message":"listening on port http://localhost:5000 "}
{"level":"info","message":"Successfully connected to MongoDB"}
{"level":"info","message":"listening on port http://localhost:5000 "}
{"level":"info","message":"Successfully connected to MongoDB"}
{"level":"info","message":"listening on port http://localhost:5000 "}
{"level":"info","message":"Successfully connected to MongoDB"}
{"level":"info","message":"listening on port http://localhost:5000 "}
{"level":"info","message":"Successfully connected to MongoDB"}
{"level":"info","message":"listening on port http://localhost:5000 "}
{"level":"info","message":"Successfully connected to MongoDB"}
{"level":"info","message":"listening on port http://localhost:5000 "}
{"level":"info","message":"Successfully connected to MongoDB"}
{"level":"info","message":"listening on port http://localhost:5000 "}
{"level":"info","message":"Successfully connected to MongoDB"}
{"level":"info","message":"listening on port http://localhost:5000 "}
{"level":"info","message":"listening on port http://localhost:5000 "}
{"level":"info","message":"Successfully connected to MongoDB"}
{"level":"info","message":"listening on port http://localhost:5000 "}
{"level":"info","message":"Successfully connected to MongoDB"}
{"level":"info","message":"listening on port http://localhost:5000 "}
{"level":"info","message":"Successfully connected to MongoDB"}
{"level":"info","message":"listening on port http://localhost:5000 "}
{"level":"info","message":"Successfully connected to MongoDB"}
{"level":"info","message":"listening on port http://localhost:5000 "}
{"level":"info","message":"Successfully connected to MongoDB"}
{"level":"info","message":"listening on port http://localhost:5000 "}
{"level":"info","message":"Successfully connected to MongoDB"}
{"level":"info","message":"listening on port http://localhost:5000 "}
{"level":"info","message":"Successfully connected to MongoDB"}
{"level":"info","message":"listening on port http://localhost:5000 "}
{"level":"info","message":"Successfully connected to MongoDB"}
{"level":"info","message":"listening on port http://localhost:5000 "}
{"level":"info","message":"listening on port http://localhost:5000 "}
{"level":"info","message":"Successfully connected to MongoDB"}
{"level":"info","message":"listening on port http://localhost:5000 "}
{"level":"info","message":"listening on port http://localhost:5000 "}
{"level":"info","message":"Successfully connected to MongoDB"}
{"level":"info","message":"listening on port http://localhost:5000 "}
{"level":"info","message":"listening on port http://localhost:5000 "}
{"level":"info","message":"Successfully connected to MongoDB"}
{"level":"info","message":"listening on port http://localhost:5000 "}
{"level":"info","message":"Successfully connected to MongoDB"}
{"level":"info","message":"listening on port http://localhost:5000 "}
{"level":"info","message":"Successfully connected to MongoDB"}
{"level":"info","message":"listening on port http://localhost:5000 "}
{"level":"info","message":"Successfully connected to MongoDB"}
{"level":"info","message":"listening on port http://localhost:5000 "}
{"level":"info","message":"Successfully connected to MongoDB"}
{"level":"info","message":"listening on port http://localhost:5000 "}
{"level":"info","message":"Successfully connected to MongoDB"}
{"level":"info","message":"listening on port http://localhost:5000 "}
{"level":"info","message":"Successfully connected to MongoDB"}
{"level":"info","message":"listening on port http://localhost:5000 "}
{"level":"info","message":"Successfully connected to MongoDB"}
{"level":"info","message":"listening on port http://localhost:5000 "}
{"level":"info","message":"Successfully connected to MongoDB"}
{"level":"info","message":"listening on port http://localhost:5000 "}
{"level":"info","message":"listening on port http://localhost:5000 "}
{"level":"info","message":"listening on port http://localhost:5000 "}
{"level":"info","message":"listening on port http://localhost:5000 "}
{"level":"info","message":"Successfully connected to MongoDB"}
{"level":"info","message":"listening on port http://localhost:5000 "}
{"level":"info","message":"listening on port http://localhost:5000 "}
{"level":"info","message":"Successfully connected to MongoDB"}
{"level":"info","message":"listening on port http://localhost:5000 "}
{"level":"info","message":"Successfully connected to MongoDB"}
{"level":"info","message":"listening on port http://localhost:5000 "}
{"level":"info","message":"Successfully connected to MongoDB"}
{"level":"info","message":"listening on port http://localhost:5000 "}
{"level":"info","message":"Successfully connected to MongoDB"}
{"level":"info","message":"listening on port http://localhost:5000 "}
{"level":"info","message":"Successfully connected to MongoDB"}
{"level":"info","message":"listening on port http://localhost:5000 "}
{"level":"info","message":"Successfully connected to MongoDB"}
{"level":"info","message":"listening on port http://localhost:5000 "}
{"level":"info","message":"Successfully connected to MongoDB"}
{"level":"info","message":"listening on port http://localhost:5000 "}
{"level":"info","message":"Successfully connected to MongoDB"}
{"level":"info","message":"listening on port http://localhost:5000 "}
{"level":"info","message":"Successfully connected to MongoDB"}
{"level":"info","message":"listening on port http://localhost:5000 "}
{"level":"info","message":"Successfully connected to MongoDB"}
{"level":"info","message":"listening on port http://localhost:5000 "}
{"level":"info","message":"Successfully connected to MongoDB"}
{"level":"info","message":"listening on port http://localhost:5000 "}
{"level":"info","message":"Successfully connected to MongoDB"}
{"level":"info","message":"listening on port http://localhost:5000 "}
{"level":"info","message":"Successfully connected to MongoDB"}
{"level":"info","message":"listening on port http://localhost:5000 "}
{"level":"info","message":"Successfully connected to MongoDB"}
{"level":"info","message":"listening on port http://localhost:5000 "}
{"level":"info","message":"Successfully connected to MongoDB"}
{"level":"info","message":"listening on port http://localhost:5000 "}
{"level":"info","message":"Successfully connected to MongoDB"}
{"level":"info","message":"listening on port http://localhost:5000 "}
{"level":"info","message":"Successfully connected to MongoDB"}
{"level":"info","message":"listening on port http://localhost:5000 "}
{"level":"info","message":"Successfully connected to MongoDB"}
{"level":"info","message":"listening on port http://localhost:5000 "}
{"level":"info","message":"Successfully connected to MongoDB"}
{"level":"info","message":"listening on port http://localhost:5000 "}
{"level":"info","message":"Successfully connected to MongoDB"}
{"level":"info","message":"listening on port http://localhost:5000 "}
{"level":"info","message":"listening on port http://localhost:5000 "}
{"level":"info","message":"Successfully connected to MongoDB"}
{"level":"info","message":"listening on port http://localhost:5000 "}
{"level":"info","message":"Successfully connected to MongoDB"}
{"level":"info","message":"listening on port http://localhost:5000 "}
{"level":"info","message":"Successfully connected to MongoDB"}
{"level":"info","message":"listening on port http://localhost:5000 "}
{"level":"info","message":"Successfully connected to MongoDB"}
{"level":"info","message":"listening on port http://localhost:5000 "}
{"level":"info","message":"Successfully connected to MongoDB"}
{"level":"info","message":"listening on port http://localhost:5000 "}
{"level":"info","message":"Successfully connected to MongoDB"}
{"level":"info","message":"listening on port http://localhost:5000 "}
{"level":"info","message":"Successfully connected to MongoDB"}
{"level":"info","message":"listening on port http://localhost:5000 "}
{"level":"info","message":"Successfully connected to MongoDB"}
{"level":"info","message":"listening on port http://localhost:5000 "}
{"level":"info","message":"Successfully connected to MongoDB"}
{"level":"info","message":"listening on port http://localhost:5000 "}
{"level":"info","message":"Successfully connected to MongoDB"}
{"level":"info","message":"listening on port http://localhost:5000 "}
{"level":"info","message":"Successfully connected to MongoDB"}
{"level":"info","message":"listening on port http://localhost:5000 "}
{"level":"info","message":"Successfully connected to MongoDB"}
{"level":"info","message":"listening on port http://localhost:5000 "}
{"level":"info","message":"Successfully connected to MongoDB"}
{"level":"info","message":"listening on port http://localhost:5000 "}
{"level":"info","message":"Successfully connected to MongoDB"}
{"level":"info","message":"listening on port http://localhost:5000 "}
{"level":"info","message":"Successfully connected to MongoDB"}
{"level":"info","message":"listening on port http://localhost:5000 "}
{"level":"info","message":"Successfully connected to MongoDB"}
{"level":"info","message":"listening on port http://localhost:5000 "}
{"level":"info","message":"Successfully connected to MongoDB"}
{"level":"info","message":"listening on port http://localhost:5000 "}
{"level":"info","message":"Successfully connected to MongoDB"}
{"level":"info","message":"listening on port http://localhost:5000 "}
{"level":"info","message":"Successfully connected to MongoDB"}
{"level":"info","message":"listening on port http://localhost:5000 "}
{"level":"info","message":"Successfully connected to MongoDB"}
{"level":"info","message":"listening on port http://localhost:5000 "}
{"level":"info","message":"Successfully connected to MongoDB"}
{"level":"info","message":"listening on port http://localhost:5000 "}
{"level":"info","message":"Successfully connected to MongoDB"}
{"level":"info","message":"listening on port http://localhost:5000 "}
{"level":"info","message":"Successfully connected to MongoDB"}
{"level":"info","message":"listening on port http://localhost:5000 "}
{"level":"info","message":"Successfully connected to MongoDB"}
{"level":"info","message":"listening on port http://localhost:5000 "}
{"level":"info","message":"Successfully connected to MongoDB"}
{"level":"info","message":"listening on port http://localhost:5000 "}
{"level":"info","message":"Successfully connected to MongoDB"}
{"level":"info","message":"listening on port http://localhost:5000 "}
{"level":"info","message":"Successfully connected to MongoDB"}
{"level":"info","message":"listening on port http://localhost:5000 "}
{"level":"info","message":"Successfully connected to MongoDB"}
{"level":"info","message":"listening on port http://localhost:5000 "}
{"level":"info","message":"Successfully connected to MongoDB"}
{"level":"info","message":"listening on port http://localhost:5000 "}
{"level":"info","message":"Successfully connected to MongoDB"}
{"level":"info","message":"listening on port http://localhost:5000 "}
{"level":"info","message":"Successfully connected to MongoDB"}
{"level":"info","message":"listening on port http://localhost:5000 "}
{"level":"info","message":"Successfully connected to MongoDB"}
{"level":"info","message":"listening on port http://localhost:5000 "}
{"level":"info","message":"Successfully connected to MongoDB"}
{"level":"info","message":"listening on port http://localhost:5000 "}
{"level":"info","message":"Successfully connected to MongoDB"}
{"level":"info","message":"listening on port http://localhost:5000 "}
{"level":"info","message":"Successfully connected to MongoDB"}
{"level":"info","message":"listening on port http://localhost:5000 "}
{"level":"info","message":"Successfully connected to MongoDB"}
{"level":"info","message":"listening on port http://localhost:5000 "}
{"level":"info","message":"Successfully connected to MongoDB"}
{"level":"info","message":"listening on port http://localhost:5000 "}
{"level":"info","message":"Successfully connected to MongoDB"}
